------------------------------------------------------------
Timing Analyzer Summary
------------------------------------------------------------

Type  : Slow 1200mV 85C Model Setup 'key1'
Slack : -5.952
TNS   : -23.304

Type  : Slow 1200mV 85C Model Setup 'pixel_clk_m'
Slack : -0.617
TNS   : -139.147

Type  : Slow 1200mV 85C Model Setup 'reset_n_m'
Slack : 0.341
TNS   : 0.000

Type  : Slow 1200mV 85C Model Setup 'U1|altpll_component|auto_generated|pll1|clk[0]'
Slack : 31.511
TNS   : 0.000

Type  : Slow 1200mV 85C Model Hold 'pixel_clk_m'
Slack : 0.197
TNS   : 0.000

Type  : Slow 1200mV 85C Model Hold 'U1|altpll_component|auto_generated|pll1|clk[0]'
Slack : 0.327
TNS   : 0.000

Type  : Slow 1200mV 85C Model Hold 'key1'
Slack : 0.359
TNS   : 0.000

Type  : Slow 1200mV 85C Model Hold 'reset_n_m'
Slack : 0.371
TNS   : 0.000

Type  : Slow 1200mV 85C Model Recovery 'pixel_clk_m'
Slack : 15.309
TNS   : 0.000

Type  : Slow 1200mV 85C Model Removal 'pixel_clk_m'
Slack : 1.679
TNS   : 0.000

Type  : Slow 1200mV 85C Model Minimum Pulse Width 'key1'
Slack : -3.000
TNS   : -7.888

Type  : Slow 1200mV 85C Model Minimum Pulse Width 'reset_n_m'
Slack : -3.000
TNS   : -4.222

Type  : Slow 1200mV 85C Model Minimum Pulse Width 'pixel_clk_m'
Slack : 9.470
TNS   : 0.000

Type  : Slow 1200mV 85C Model Minimum Pulse Width 'U1|altpll_component|auto_generated|pll1|clk[0]'
Slack : 19.590
TNS   : 0.000

Type  : Slow 1200mV 0C Model Setup 'key1'
Slack : -5.387
TNS   : -21.074

Type  : Slow 1200mV 0C Model Setup 'pixel_clk_m'
Slack : -0.520
TNS   : -114.071

Type  : Slow 1200mV 0C Model Setup 'reset_n_m'
Slack : 0.397
TNS   : 0.000

Type  : Slow 1200mV 0C Model Setup 'U1|altpll_component|auto_generated|pll1|clk[0]'
Slack : 32.260
TNS   : 0.000

Type  : Slow 1200mV 0C Model Hold 'pixel_clk_m'
Slack : 0.224
TNS   : 0.000

Type  : Slow 1200mV 0C Model Hold 'U1|altpll_component|auto_generated|pll1|clk[0]'
Slack : 0.297
TNS   : 0.000

Type  : Slow 1200mV 0C Model Hold 'key1'
Slack : 0.324
TNS   : 0.000

Type  : Slow 1200mV 0C Model Hold 'reset_n_m'
Slack : 0.337
TNS   : 0.000

Type  : Slow 1200mV 0C Model Recovery 'pixel_clk_m'
Slack : 15.769
TNS   : 0.000

Type  : Slow 1200mV 0C Model Removal 'pixel_clk_m'
Slack : 1.553
TNS   : 0.000

Type  : Slow 1200mV 0C Model Minimum Pulse Width 'key1'
Slack : -3.000
TNS   : -7.888

Type  : Slow 1200mV 0C Model Minimum Pulse Width 'reset_n_m'
Slack : -3.000
TNS   : -4.222

Type  : Slow 1200mV 0C Model Minimum Pulse Width 'pixel_clk_m'
Slack : 9.500
TNS   : 0.000

Type  : Slow 1200mV 0C Model Minimum Pulse Width 'U1|altpll_component|auto_generated|pll1|clk[0]'
Slack : 19.577
TNS   : 0.000

Type  : Fast 1200mV 0C Model Setup 'key1'
Slack : -2.445
TNS   : -9.532

Type  : Fast 1200mV 0C Model Setup 'pixel_clk_m'
Slack : -0.315
TNS   : -56.760

Type  : Fast 1200mV 0C Model Setup 'reset_n_m'
Slack : 0.693
TNS   : 0.000

Type  : Fast 1200mV 0C Model Setup 'U1|altpll_component|auto_generated|pll1|clk[0]'
Slack : 35.786
TNS   : 0.000

Type  : Fast 1200mV 0C Model Hold 'pixel_clk_m'
Slack : 0.148
TNS   : 0.000

Type  : Fast 1200mV 0C Model Hold 'U1|altpll_component|auto_generated|pll1|clk[0]'
Slack : 0.150
TNS   : 0.000

Type  : Fast 1200mV 0C Model Hold 'key1'
Slack : 0.165
TNS   : 0.000

Type  : Fast 1200mV 0C Model Hold 'reset_n_m'
Slack : 0.169
TNS   : 0.000

Type  : Fast 1200mV 0C Model Recovery 'pixel_clk_m'
Slack : 17.529
TNS   : 0.000

Type  : Fast 1200mV 0C Model Removal 'pixel_clk_m'
Slack : 0.784
TNS   : 0.000

Type  : Fast 1200mV 0C Model Minimum Pulse Width 'key1'
Slack : -3.000
TNS   : -7.686

Type  : Fast 1200mV 0C Model Minimum Pulse Width 'reset_n_m'
Slack : -3.000
TNS   : -4.078

Type  : Fast 1200mV 0C Model Minimum Pulse Width 'pixel_clk_m'
Slack : 9.389
TNS   : 0.000

Type  : Fast 1200mV 0C Model Minimum Pulse Width 'U1|altpll_component|auto_generated|pll1|clk[0]'
Slack : 19.641
TNS   : 0.000

------------------------------------------------------------
