------------------------------------------------------------
Timing Analyzer Summary
------------------------------------------------------------

Type  : Slow 1200mV 85C Model Setup 'pixel_clk_m'
Slack : 14.721
TNS   : 0.000

Type  : Slow 1200mV 85C Model Setup 'U1|altpll_component|auto_generated|pll1|clk[0]'
Slack : 33.406
TNS   : 0.000

Type  : Slow 1200mV 85C Model Hold 'U1|altpll_component|auto_generated|pll1|clk[0]'
Slack : 0.331
TNS   : 0.000

Type  : Slow 1200mV 85C Model Hold 'pixel_clk_m'
Slack : 0.342
TNS   : 0.000

Type  : Slow 1200mV 85C Model Minimum Pulse Width 'pixel_clk_m'
Slack : 9.631
TNS   : 0.000

Type  : Slow 1200mV 85C Model Minimum Pulse Width 'U1|altpll_component|auto_generated|pll1|clk[0]'
Slack : 19.601
TNS   : 0.000

Type  : Slow 1200mV 0C Model Setup 'pixel_clk_m'
Slack : 15.200
TNS   : 0.000

Type  : Slow 1200mV 0C Model Setup 'U1|altpll_component|auto_generated|pll1|clk[0]'
Slack : 33.961
TNS   : 0.000

Type  : Slow 1200mV 0C Model Hold 'U1|altpll_component|auto_generated|pll1|clk[0]'
Slack : 0.299
TNS   : 0.000

Type  : Slow 1200mV 0C Model Hold 'pixel_clk_m'
Slack : 0.312
TNS   : 0.000

Type  : Slow 1200mV 0C Model Minimum Pulse Width 'pixel_clk_m'
Slack : 9.657
TNS   : 0.000

Type  : Slow 1200mV 0C Model Minimum Pulse Width 'U1|altpll_component|auto_generated|pll1|clk[0]'
Slack : 19.583
TNS   : 0.000

Type  : Fast 1200mV 0C Model Setup 'pixel_clk_m'
Slack : 17.384
TNS   : 0.000

Type  : Fast 1200mV 0C Model Setup 'U1|altpll_component|auto_generated|pll1|clk[0]'
Slack : 36.709
TNS   : 0.000

Type  : Fast 1200mV 0C Model Hold 'U1|altpll_component|auto_generated|pll1|clk[0]'
Slack : 0.152
TNS   : 0.000

Type  : Fast 1200mV 0C Model Hold 'pixel_clk_m'
Slack : 0.156
TNS   : 0.000

Type  : Fast 1200mV 0C Model Minimum Pulse Width 'pixel_clk_m'
Slack : 9.465
TNS   : 0.000

Type  : Fast 1200mV 0C Model Minimum Pulse Width 'U1|altpll_component|auto_generated|pll1|clk[0]'
Slack : 19.642
TNS   : 0.000

------------------------------------------------------------
